// Jest Snapshot v1, https://goo.gl/fbAQLP

exports[`NotFound:  should render correctly 1`] = `
<section
  className="not-found"
>
  <div
    className="imagewrapper"
  >
    4
    <img
      alt="leviahack_logo"
      src="/assets/img/full_logo.png"
    />
    4
  </div>
  <div
    className="message"
  >
    <h1>
      Ops! No se encontr칩 la p치gina
    </h1>
    <p>
      Desafortunadamente la p치gina que est치s buscando se ha movido o eliminado
    </p>
    <button
      className="MuiButtonBase-root MuiButton-root MuiButton-contained MuiButton-containedPrimary"
      disabled={false}
      onBlur={[Function]}
      onDragLeave={[Function]}
      onFocus={[Function]}
      onKeyDown={[Function]}
      onKeyUp={[Function]}
      onMouseDown={[Function]}
      onMouseLeave={[Function]}
      onMouseUp={[Function]}
      onTouchEnd={[Function]}
      onTouchMove={[Function]}
      onTouchStart={[Function]}
      tabIndex={0}
      type="button"
    >
      <span
        className="MuiButton-label"
      >
        Ir a Inicio
      </span>
    </button>
  </div>
</section>
`;
